// Jest Snapshot v1, https://goo.gl/fbAQLP

exports[`DemoAndCode should be rendered 1`] = `
<section
  class="demo-and-code-wrapper"
>
  <div
    class="demo"
  />
   
  <div
    class="code-control"
    style="top: 0px; cursor: pointer;"
  >
    <span
      class="control-btn"
    >
      <i
        class="arrow-icon"
        style="transform: rotate(-180deg);"
      />
    </span>
  </div>
   
  <transition-stub>
    <div
      class="code-wrapper"
      style="display: none;"
    >
      <div
        class="language-vue extra-class"
      >
        <pre
          class="language-vue"
          v-pre=""
        >
          <code />
        </pre>
      </div>
    </div>
  </transition-stub>
</section>
`;
